<?php return array (
  0 => 'Symfony\\Bundle\\FrameworkBundle\\Controller\\AbstractController',
  1 => 'App\\Controller\\AdminSecurityController',
  2 => 'App\\Controller\\Admin\\AffaireCrudController',
  3 => 'App\\Controller\\Admin\\AmbassadorCrudController',
  4 => 'App\\Controller\\Admin\\ArticleCrudController',
  5 => 'App\\Controller\\Admin\\BookingCrudController',
  6 => 'App\\Controller\\Admin\\BookingWithAmbassadorCrudController',
  7 => 'App\\Controller\\Admin\\CitizenCrudController',
  8 => 'App\\Controller\\Admin\\DashboardController',
  9 => 'App\\Controller\\Admin\\DocumentCrudController',
  10 => 'App\\Controller\\Admin\\ImageController',
  11 => 'App\\Controller\\Admin\\PopupCrudController',
  12 => 'App\\Controller\\Admin\\RelationCrudController',
  13 => 'App\\Controller\\Admin\\SchedulerCrudController',
  14 => 'App\\Controller\\Admin\\SectionCrudController',
  15 => 'App\\Controller\\Admin\\SliderCrudController',
  16 => 'App\\Controller\\Admin\\UserCrudController',
  17 => 'App\\Controller\\Admin\\VisaCrudController',
  18 => 'App\\Controller\\BookingController',
  19 => 'App\\Controller\\HomeController',
  20 => 'App\\Controller\\HomeControllerEn',
  21 => 'App\\Controller\\HomeControllerFr',
  22 => 'App\\Controller\\SchedulerController',
  23 => 'App\\Entity\\Affaire',
  24 => 'App\\Entity\\Ambassador',
  25 => 'App\\Entity\\Article',
  26 => 'App\\Entity\\Booking',
  27 => 'App\\Entity\\BookingWithAmbassador',
  28 => 'App\\Entity\\Citizen',
  29 => 'App\\Entity\\Document',
  30 => 'App\\Entity\\Popup',
  31 => 'App\\Entity\\Relation',
  32 => 'App\\Entity\\Scheduler',
  33 => 'App\\Entity\\Section',
  34 => 'App\\Entity\\Slider',
  35 => 'App\\Entity\\User',
  36 => 'App\\Entity\\Visa',
  37 => 'CalendarBundle\\Controller\\CalendarController',
  38 => 'CalendarBundle\\Entity\\Event',
  39 => 'Doctrine\\Bundle\\DoctrineBundle\\Controller\\ProfilerController',
  40 => 'Doctrine\\ORM\\Cache\\Persister\\Entity\\AbstractEntityPersister',
  41 => 'Doctrine\\ORM\\Cache\\Persister\\Entity\\CachedEntityPersister',
  42 => 'Doctrine\\ORM\\Cache\\Persister\\Entity\\NonStrictReadWriteCachedEntityPersister',
  43 => 'Doctrine\\ORM\\Cache\\Persister\\Entity\\ReadOnlyCachedEntityPersister',
  44 => 'Doctrine\\ORM\\Cache\\Persister\\Entity\\ReadWriteCachedEntityPersister',
  45 => 'Doctrine\\ORM\\Persisters\\Entity\\AbstractEntityInheritancePersister',
  46 => 'Doctrine\\ORM\\Persisters\\Entity\\BasicEntityPersister',
  47 => 'Doctrine\\ORM\\Persisters\\Entity\\CachedPersisterContext',
  48 => 'Doctrine\\ORM\\Persisters\\Entity\\EntityPersister',
  49 => 'Doctrine\\ORM\\Persisters\\Entity\\JoinedSubclassPersister',
  50 => 'Doctrine\\ORM\\Persisters\\Entity\\SingleTablePersister',
  51 => 'EasyCorp\\Bundle\\EasyAdminBundle\\Contracts\\Controller\\CrudControllerInterface',
  52 => 'EasyCorp\\Bundle\\EasyAdminBundle\\Contracts\\Controller\\DashboardControllerInterface',
  53 => 'EasyCorp\\Bundle\\EasyAdminBundle\\Controller\\AbstractCrudController',
  54 => 'EasyCorp\\Bundle\\EasyAdminBundle\\Controller\\AbstractDashboardController',
  55 => 'EasyCorp\\Bundle\\EasyAdminBundle\\Controller\\EasyAdminController',
  56 => 'FM\\ElfinderBundle\\Controller\\ElFinderController',
  57 => 'Liip\\ImagineBundle\\Config\\Controller\\ControllerConfig',
  58 => 'Liip\\ImagineBundle\\Controller\\ImagineController',
  60 => 'Symfony\\Bundle\\FrameworkBundle\\Controller\\ControllerResolver',
  61 => 'Symfony\\Bundle\\FrameworkBundle\\Controller\\RedirectController',
  62 => 'Symfony\\Bundle\\FrameworkBundle\\Controller\\TemplateController',
  63 => 'Symfony\\Bundle\\WebProfilerBundle\\Controller\\ExceptionPanelController',
  64 => 'Symfony\\Bundle\\WebProfilerBundle\\Controller\\ProfilerController',
  65 => 'Symfony\\Bundle\\WebProfilerBundle\\Controller\\RouterController',
  66 => 'Symfony\\Component\\HttpKernel\\Controller\\ArgumentResolver',
  67 => 'Symfony\\Component\\HttpKernel\\Controller\\ArgumentResolverInterface',
  68 => 'Symfony\\Component\\HttpKernel\\Controller\\ArgumentResolver\\DefaultValueResolver',
  69 => 'Symfony\\Component\\HttpKernel\\Controller\\ArgumentResolver\\NotTaggedControllerValueResolver',
  70 => 'Symfony\\Component\\HttpKernel\\Controller\\ArgumentResolver\\RequestAttributeValueResolver',
  71 => 'Symfony\\Component\\HttpKernel\\Controller\\ArgumentResolver\\RequestValueResolver',
  72 => 'Symfony\\Component\\HttpKernel\\Controller\\ArgumentResolver\\ServiceValueResolver',
  73 => 'Symfony\\Component\\HttpKernel\\Controller\\ArgumentResolver\\SessionValueResolver',
  74 => 'Symfony\\Component\\HttpKernel\\Controller\\ArgumentResolver\\TraceableValueResolver',
  75 => 'Symfony\\Component\\HttpKernel\\Controller\\ArgumentResolver\\VariadicValueResolver',
  76 => 'Symfony\\Component\\HttpKernel\\Controller\\ArgumentValueResolverInterface',
  77 => 'Symfony\\Component\\HttpKernel\\Controller\\ContainerControllerResolver',
  78 => 'Symfony\\Component\\HttpKernel\\Controller\\ControllerReference',
  79 => 'Symfony\\Component\\HttpKernel\\Controller\\ControllerResolver',
  80 => 'Symfony\\Component\\HttpKernel\\Controller\\ControllerResolverInterface',
  81 => 'Symfony\\Component\\HttpKernel\\Controller\\ErrorController',
  82 => 'Symfony\\Component\\HttpKernel\\Controller\\TraceableArgumentResolver',
  83 => 'Symfony\\Component\\HttpKernel\\Controller\\TraceableControllerResolver',
  84 => 'Symfony\\Component\\Security\\Http\\Controller\\UserValueResolver',
  85 => 'Vich\\UploaderBundle\\Entity\\File',
);